$ .local/aws-tools/bin/cfn-lint infrastructure/aws/staging-foundation.yaml infrastructure/aws/staging-application.yaml infrastructure/aws/staging-database-jobs.yaml --regions ap-southeast-1


exit=0
$ .local/aws-tools/bin/cfn-lint infrastructure/aws/staging-edge-access.yaml --regions us-east-1


exit=0
$ .local/aws-tools/bin/python infrastructure/aws/test_staging_policy.py

test_budget_requires_owner_input_and_sends_no_email_subscriptions (__main__.StagingPolicy.test_budget_requires_owner_input_and_sends_no_email_subscriptions) ... ok
test_edge_denies_unlisted_visitors_and_avoids_request_payload_sampling (__main__.StagingPolicy.test_edge_denies_unlisted_visitors_and_avoids_request_payload_sampling) ... ok
test_network_cannot_expose_runtime_or_database (__main__.StagingPolicy.test_network_cannot_expose_runtime_or_database) ... ok
test_private_encrypted_database_and_retained_storage (__main__.StagingPolicy.test_private_encrypted_database_and_retained_storage) ... ok
test_runtime_cannot_read_master_secret_or_manage_keys (__main__.StagingPolicy.test_runtime_cannot_read_master_secret_or_manage_keys) ... ok

----------------------------------------------------------------------
Ran 5 tests in 0.015s

OK

exit=0
$ .local/aws-tools/bin/python infrastructure/aws/test_staging_application.py

test_bootstrap_is_separate_and_never_runs_automatically (__main__.ApplicationPolicy.test_bootstrap_is_separate_and_never_runs_automatically) ... ok
test_mailbox_reader_has_no_write_or_database_secret (__main__.ApplicationPolicy.test_mailbox_reader_has_no_write_or_database_secret) ... ok
test_no_clinical_caching_and_cookie_forwarding (__main__.ApplicationPolicy.test_no_clinical_caching_and_cookie_forwarding) ... ok
test_origin_and_private_task (__main__.ApplicationPolicy.test_origin_and_private_task) ... ok
test_sink_and_secret_boundaries (__main__.ApplicationPolicy.test_sink_and_secret_boundaries) ... ok

----------------------------------------------------------------------
Ran 5 tests in 0.028s

OK

exit=0