#0 building with "desktop-linux" instance using docker driver

#1 [internal] load build definition from Dockerfile.serving
#1 transferring dockerfile: 6.20kB done
#1 DONE 0.0s

#2 [internal] load metadata for gcr.io/distroless/cc-debian12:nonroot@sha256:9dac0a79194e45a7da0158a9c6da57b217585af0786db3845d1f0ec1a0dd182f
#2 DONE 0.6s

#3 [internal] load metadata for docker.io/library/node:24.21.0-bookworm-slim@sha256:2fe369e969550cde8e867afc3fe370b260140cab4a23d467074295b42163d553
#3 DONE 1.4s

#4 [migration  1/14] FROM docker.io/library/node:24.21.0-bookworm-slim@sha256:2fe369e969550cde8e867afc3fe370b260140cab4a23d467074295b42163d553
#4 resolve docker.io/library/node:24.21.0-bookworm-slim@sha256:2fe369e969550cde8e867afc3fe370b260140cab4a23d467074295b42163d553 done
#4 DONE 0.0s

#5 [serving-base 1/4] FROM gcr.io/distroless/cc-debian12:nonroot@sha256:9dac0a79194e45a7da0158a9c6da57b217585af0786db3845d1f0ec1a0dd182f
#5 resolve gcr.io/distroless/cc-debian12:nonroot@sha256:9dac0a79194e45a7da0158a9c6da57b217585af0786db3845d1f0ec1a0dd182f done
#5 DONE 0.0s

#6 [internal] load build context
#6 transferring context: 298.95kB 0.0s done
#6 DONE 0.0s

#7 [migration  2/14] RUN apt-get update && apt-get install -y --no-install-recommends libpcre2-8-0=10.42-1+deb12u1 openssl=3.0.20-1~deb12u2
#7 CACHED

#8 [migration  3/14] RUN npm install --global pnpm@10.34.5
#8 CACHED

#9 [migration  4/14] WORKDIR /workspace
#9 CACHED

#10 [migration  5/14] COPY package.json pnpm-lock.yaml pnpm-workspace.yaml .npmrc tsconfig.json prisma.config.ts codegen.ts ./
#10 DONE 0.1s

#11 [migration  6/14] COPY apps/api/package.json apps/api/tsconfig.build.json ./apps/api/
#11 DONE 0.0s

#12 [migration  7/14] COPY apps/api/src ./apps/api/src
#12 DONE 0.0s

#13 [migration  8/14] COPY apps/api/prisma ./apps/api/prisma
#13 DONE 0.0s

#14 [migration  9/14] COPY apps/clinical-app/package.json apps/clinical-app/index.html apps/clinical-app/vite.config.ts ./apps/clinical-app/
#14 DONE 0.0s

#15 [migration 10/14] COPY apps/clinical-app/src ./apps/clinical-app/src
#15 DONE 0.0s

#16 [migration 11/14] COPY packages/graphql-contract ./packages/graphql-contract
#16 DONE 0.0s

#17 [migration 12/14] COPY tooling/copy-api-schema.mjs tooling/package-provenance.mjs tooling/build-serving.mjs tooling/package-migration.mjs ./tooling/
#17 DONE 0.0s

#18 [migration 13/14] RUN pnpm install --frozen-lockfile && pnpm codegen && pnpm build && SOURCE_REVISION=993142a-task041-working node tooling/package-provenance.mjs
#18 0.421 Scope: all 4 workspace projects
#18 0.474 Lockfile is up to date, resolution step is skipped
#18 0.502 Progress: resolved 1, reused 0, downloaded 0, added 0
#18 0.596 Packages: +810
#18 0.596 ++++++++++++++++++++++++++++++++++++++++++++++++++++++++++++++++++++++++++++++++
#18 1.310 
#18 1.310    ╭─────────────────────────────────────────╮
#18 1.310    │                                         │
#18 1.310    │   Update available! 10.34.5 → 12.5.1.   │
#18 1.310    │   Changelog: https://pnpm.io/v/12.5.1   │
#18 1.310    │    To update, run: pnpm add -g pnpm     │
#18 1.310    │                                         │
#18 1.310    ╰─────────────────────────────────────────╯
#18 1.310 
#18 1.503 Progress: resolved 810, reused 0, downloaded 110, added 110
#18 18.09  WARN  Tarball download average speed 0 KiB/s (size 14 KiB) is below 50 KiB/s: https://registry.npmjs.org/@types/yargs/-/yargs-17.0.35.tgz (GET)
#18 18.13  WARN  Tarball download average speed 0 KiB/s (size 8 KiB) is below 50 KiB/s: https://registry.npmjs.org/depd/-/depd-2.0.0.tgz (GET)
#18 18.29  WARN  Tarball download average speed 44 KiB/s (size 760 KiB) is below 50 KiB/s: https://registry.npmjs.org/@react-native/debugger-shell/-/debugger-shell-0.87.1.tgz (GET)
#18 18.44  WARN  Tarball download average speed 0 KiB/s (size 15 KiB) is below 50 KiB/s: https://registry.npmjs.org/send/-/send-0.19.2.tgz (GET)
#18 19.01 Progress: resolved 810, reused 0, downloaded 236, added 236
#18 20.06  WARN  Tarball download average speed 46 KiB/s (size 50 KiB) is below 50 KiB/s: https://registry.npmjs.org/postcss/-/postcss-8.5.28.tgz (GET)
#18 20.10 Progress: resolved 810, reused 0, downloaded 294, added 294
#18 21.10 Progress: resolved 810, reused 0, downloaded 340, added 340
#18 22.10 Progress: resolved 810, reused 0, downloaded 382, added 381
#18 23.10 Progress: resolved 810, reused 0, downloaded 488, added 487
#18 24.10 Progress: resolved 810, reused 0, downloaded 649, added 649
#18 25.11 Progress: resolved 810, reused 0, downloaded 736, added 736
#18 26.11 Progress: resolved 810, reused 0, downloaded 791, added 791
#18 26.90  WARN  Tarball download average speed 47 KiB/s (size 79 KiB) is below 50 KiB/s: https://registry.npmjs.org/nan/-/nan-2.28.0.tgz (GET)
#18 27.11 Progress: resolved 810, reused 0, downloaded 796, added 796
#18 28.11 Progress: resolved 810, reused 0, downloaded 797, added 797
#18 29.11 Progress: resolved 810, reused 0, downloaded 800, added 800
#18 30.11 Progress: resolved 810, reused 0, downloaded 801, added 801
#18 31.11 Progress: resolved 810, reused 0, downloaded 804, added 804
#18 32.11 Progress: resolved 810, reused 0, downloaded 807, added 807
#18 33.24 Progress: resolved 810, reused 0, downloaded 808, added 807
#18 34.24 Progress: resolved 810, reused 0, downloaded 808, added 808
#18 35.24 Progress: resolved 810, reused 0, downloaded 809, added 809
#18 36.27 Progress: resolved 810, reused 0, downloaded 810, added 809
#18 36.28 Progress: resolved 810, reused 0, downloaded 810, added 810, done
#18 36.52 .../esbuild@0.28.2/node_modules/esbuild postinstall$ node install.js
#18 36.65 .../esbuild@0.28.2/node_modules/esbuild postinstall: Done
#18 36.81 
#18 36.81 devDependencies:
#18 36.81 + @graphql-codegen/cli 7.4.0
#18 36.81 + @graphql-codegen/typed-document-node 7.1.0
#18 36.81 + @graphql-codegen/typescript 6.1.0
#18 36.81 + @graphql-codegen/typescript-operations 6.1.6
#18 36.81 + @graphql-codegen/typescript-resolvers 6.1.0
#18 36.81 + @graphql-typed-document-node/core 3.2.0
#18 36.81 + @playwright/test 1.63.0
#18 36.81 + @testcontainers/postgresql 12.1.0
#18 36.81 + @types/express 5.0.6
#18 36.81 + @types/node 22.20.2
#18 36.81 + @types/pg 8.23.1
#18 36.81 + @types/react 19.3.0
#18 36.81 + @types/react-dom 19.3.0
#18 36.81 + dotenv 17.4.2
#18 36.81 + esbuild 0.28.2
#18 36.81 + graphql 16.11.0
#18 36.81 + oxlint 1.82.0
#18 36.81 + pg 8.23.0
#18 36.81 + prettier 3.9.6
#18 36.81 + prisma 7.10.0
#18 36.81 + tsx 4.23.13
#18 36.81 + typescript 5.9.3
#18 36.81 + vitest 5.0.0
#18 36.81 + yaml 2.9.0
#18 36.81 
#18 36.89 ╭ Warning ─────────────────────────────────────────────────────────────────────╮
#18 36.89 │                                                                              │
#18 36.89 │   Ignored build scripts: @prisma/engines@7.10.0, cpu-features@0.0.10,        │
#18 36.89 │   prisma@7.10.0, protobufjs@7.6.6, ssh2@1.17.0.                              │
#18 36.89 │   Run "pnpm approve-builds" to pick which dependencies should be allowed     │
#18 36.89 │   to run scripts.                                                            │
#18 36.89 │                                                                              │
#18 36.89 ╰──────────────────────────────────────────────────────────────────────────────╯
#18 36.91 Done in 36.7s using pnpm v10.34.5
#18 37.16 
#18 37.16 > clinic-ehr@ codegen /workspace
#18 37.16 > graphql-codegen --config codegen.ts
#18 37.16 
#18 37.62 ❯ Parse Configuration
#18 37.62 ✔ Parse Configuration
#18 37.62 ❯ Generate outputs
#18 37.62 ❯ Generate to packages/graphql-contract/src/server.generated.ts
#18 37.62 ❯ Generate to packages/graphql-contract/src/operations.generated.ts
#18 37.62 ❯ Load GraphQL schemas
#18 37.62 ❯ Load GraphQL schemas
#18 37.64 ✔ Load GraphQL schemas
#18 37.64 ✔ Load GraphQL schemas
#18 37.64 ❯ Load GraphQL documents
#18 37.64 ❯ Load GraphQL documents
#18 37.65 ✔ Load GraphQL documents
#18 37.65 ✔ Load GraphQL documents
#18 37.65 ❯ Generate
#18 37.65 ❯ Generate
#18 37.76 ✔ Generate
#18 37.76 ✔ Generate
#18 37.76 ✔ Generate to packages/graphql-contract/src/server.generated.ts
#18 37.76 ✔ Generate to packages/graphql-contract/src/operations.generated.ts
#18 37.76 ✔ Generate outputs
#18 37.93 
#18 37.93 > clinic-ehr@ build /workspace
#18 37.93 > pnpm db:generate && pnpm --filter @ehr/api build && pnpm --filter @ehr/clinical-app build
#18 37.93 
#18 38.19 
#18 38.19 > clinic-ehr@ db:generate /workspace
#18 38.19 > prisma generate
#18 38.19 
#18 38.71 Loaded Prisma config from prisma.config.ts.
#18 38.71 
#18 39.51 Prisma schema loaded from apps/api/prisma/schema.prisma.
#18 39.67 
#18 39.67 ✔ Generated Prisma Client (7.10.0) to ./apps/api/src/infrastructure/prisma/generated in 82ms
#18 39.67 
#18 39.86 
#18 39.86 > @ehr/api@ build /workspace/apps/api
#18 39.86 > tsc -p tsconfig.build.json && node ../../tooling/copy-api-schema.mjs
#18 39.86 
#18 41.58 
#18 41.58 > @ehr/clinical-app@ build /workspace/apps/clinical-app
#18 41.58 > vite build
#18 41.58 
#18 41.92 vite v8.3.0 building client environment for production...
#18 41.93 transforming...
#18 42.23 ✓ 399 modules transformed.
#18 42.44 rendering chunks...
#18 42.79 computing gzip size...
#18 42.84 dist/index.html                  0.31 kB │ gzip:   0.23 kB
#18 42.84 dist/assets/index-C-iVZmBM.js  445.96 kB │ gzip: 123.08 kB
#18 42.84 
#18 42.84 ✓ built in 919ms
#18 DONE 44.1s

#19 [migration 14/14] RUN mkdir -p /var/lib/mcclinic && chown node:node /var/lib/mcclinic
#19 DONE 0.4s

#20 [build-serving 1/1] RUN SOURCE_REVISION=993142a-task041-working node tooling/build-serving.mjs
#20 DONE 0.9s

#21 [serving-base 2/4] COPY --from=migration /usr/local/bin/node /usr/local/bin/node
#21 CACHED

#22 [serving-base 3/4] COPY --from=migration --chown=1000:1000 /var/lib/mcclinic /var/lib/mcclinic
#22 CACHED

#23 [serving-base 4/4] WORKDIR /workspace
#23 CACHED

#24 [migration-libraries 1/4] COPY --from=serving-base /etc/passwd /native/passwd
#24 DONE 0.0s

#25 [migration-libraries 2/4] RUN printf 'mcclinic:x:1000:1000:Synthetic migration operator:/tmp/mcclinic-operator:/sbin/nologin\n' >> /native/passwd
#25 DONE 0.1s

#26 [migration-libraries 3/4] RUN SOURCE_REVISION=993142a-task041-working node tooling/package-migration.mjs
#26 2.089 Prepared frozen Prisma closure: 131 packages.
#26 DONE 2.2s

#27 [migration-libraries 4/4] RUN mkdir -p /native/lib /native/status.d && cp /usr/lib/*-linux-gnu/libssl.so.3 /usr/lib/*-linux-gnu/libcrypto.so.3 /native/lib/ && dpkg-query -s libssl3 > /native/status.d/libssl3
#27 DONE 0.2s

#28 [migration-hardened  1/11] COPY --from=migration-libraries /workspace/migration-runtime/node_modules /workspace/node_modules
#28 CACHED

#29 [migration-hardened  2/11] COPY --from=migration-libraries /workspace/migration-runtime/schema-engine /workspace/schema-engine
#29 CACHED

#30 [migration-hardened  3/11] COPY --from=migration-libraries /workspace/migration-runtime/sbom.cdx.json /workspace/artifacts/prisma.sbom.cdx.json
#30 DONE 0.0s

#31 [migration-hardened  4/11] COPY --from=build-serving /workspace/serving/migration-command.mjs /workspace/apps/api/dist/apps/api/src/staging-command.js
#31 DONE 0.0s

#32 [migration-hardened  5/11] COPY --from=build-serving /workspace/serving/migration-command.sbom.cdx.json /workspace/artifacts/command.sbom.cdx.json
#32 DONE 0.0s

#33 [migration-hardened  6/11] COPY --from=build-serving /workspace/serving/migration-command.build.json /workspace/artifacts/build.json
#33 DONE 0.0s

#34 [migration-hardened  7/11] COPY --from=migration /workspace/apps/api/prisma /workspace/apps/api/prisma
#34 DONE 0.0s

#35 [migration-hardened  8/11] COPY --from=migration /workspace/prisma.config.ts /workspace/package.json /workspace/
#35 DONE 0.0s

#36 [migration-hardened  9/11] COPY --from=migration-libraries /native/lib/ /usr/lib/
#36 DONE 0.0s

#37 [migration-hardened 10/11] COPY --from=migration-libraries /native/status.d/ /var/lib/dpkg/status.d/
#37 DONE 0.0s

#38 [migration-hardened 11/11] COPY --from=migration-libraries /native/passwd /etc/passwd
#38 DONE 0.0s

#39 exporting to image
#39 exporting layers
#39 exporting layers 0.2s done
#39 exporting manifest sha256:e37709638cfd4653954a05b7dd6735a2b821493c8fcdd39813a6b243c9703c37 done
#39 exporting config sha256:c8ef28262c627a6a3456a67bba8766e31145f87a1e0f7db6c4cbdbabb1da7f3d done
#39 exporting attestation manifest sha256:a1846fc8d916cc0a483bded0efa40fc551cfd1b2535b534cf1b74cd3a9766b42 done
#39 exporting manifest list sha256:9e599553e557801cb7509f0d4cd62a8787aa208fb305b2d9e78070c97acf1d0b done
#39 naming to docker.io/library/mcclinic-migration:task041 done
#39 unpacking to docker.io/library/mcclinic-migration:task041 0.1s done
#39 DONE 0.3s
